<?xml version="1.0" encoding="utf-8"?>
<TestRun id="ed3e0bcb-c5b1-4d9a-a514-b12834d4f901" name="PC@JORGE 2026-05-08 20:07:51" runUser="JORGE\PC" xmlns="http://microsoft.com/schemas/VisualStudio/TeamTest/2010">
  <Times creation="2026-05-08T20:07:51.5241277-05:00" queuing="2026-05-08T20:07:51.5241280-05:00" start="2026-05-08T20:07:50.3247461-05:00" finish="2026-05-08T20:07:51.5300228-05:00" />
  <TestSettings name="default" id="2929598e-7354-4c73-aa0d-bcd6f24741e2">
    <Deployment runDeploymentRoot="PC_JORGE_2026-05-08_20_07_51" />
  </TestSettings>
  <Results>
    <UnitTestResult executionId="401435d0-742f-486f-a886-60a1ac2e3ee2" testId="467e3748-3af5-00ee-d30b-ede5e0d3f777" testName="MsrBack.Tests.GenerateTokenHelperTests.GenerateTokenAsync_WithValidUser_ReturnsJwtWithExpectedClaims" computerName="JORGE" duration="00:00:00.0574819" startTime="2026-05-08T20:07:50.8408284-05:00" endTime="2026-05-08T20:07:50.8408437-05:00" testType="13cdc9d9-ddb5-4fa4-a97d-d965ccfc6d4b" outcome="Passed" testListId="8c84fa94-04c1-424b-9868-57a2d4851a1d" relativeResultsDirectory="401435d0-742f-486f-a886-60a1ac2e3ee2" />
    <UnitTestResult executionId="cae05ffd-c6d9-45f6-a348-6a04733f181b" testId="830e04d6-c361-f187-b7a0-0c7ab1ca42f3" testName="MsrBack.Tests.PasswordHashHelperTests.VerifyPassword_WithOriginalPassword_ReturnsTrue" computerName="JORGE" duration="00:00:00.4122745" startTime="2026-05-08T20:07:51.1923356-05:00" endTime="2026-05-08T20:07:51.1923360-05:00" testType="13cdc9d9-ddb5-4fa4-a97d-d965ccfc6d4b" outcome="Passed" testListId="8c84fa94-04c1-424b-9868-57a2d4851a1d" relativeResultsDirectory="cae05ffd-c6d9-45f6-a348-6a04733f181b" />
    <UnitTestResult executionId="ac5a7723-76ba-489e-9170-0d96adbad9bc" testId="eecf9876-6620-f34d-1743-629b9438a243" testName="MsrBack.Tests.PasswordHashHelperTests.HashPassword_WithValidPassword_ReturnsHashAndSalt" computerName="JORGE" duration="00:00:00.0807421" startTime="2026-05-08T20:07:51.4165340-05:00" endTime="2026-05-08T20:07:51.4165345-05:00" testType="13cdc9d9-ddb5-4fa4-a97d-d965ccfc6d4b" outcome="Passed" testListId="8c84fa94-04c1-424b-9868-57a2d4851a1d" relativeResultsDirectory="ac5a7723-76ba-489e-9170-0d96adbad9bc" />
    <UnitTestResult executionId="75993f54-09d3-4cd2-967d-c869b7b08a7a" testId="61c9c044-36ca-bff6-0b65-194ee7c9b1c5" testName="MsrBack.Tests.PasswordHashHelperTests.VerifyPassword_WithDifferentPassword_ReturnsFalse" computerName="JORGE" duration="00:00:00.1432074" startTime="2026-05-08T20:07:51.3356802-05:00" endTime="2026-05-08T20:07:51.3356807-05:00" testType="13cdc9d9-ddb5-4fa4-a97d-d965ccfc6d4b" outcome="Passed" testListId="8c84fa94-04c1-424b-9868-57a2d4851a1d" relativeResultsDirectory="75993f54-09d3-4cd2-967d-c869b7b08a7a" />
  </Results>
  <TestDefinitions>
    <UnitTest name="MsrBack.Tests.PasswordHashHelperTests.VerifyPassword_WithOriginalPassword_ReturnsTrue" storage="c:\users\pc\onedrive\documentos\proyecto_pruebas_msrback_adstra\msrback.tests\bin\debug\net8.0\msrback.tests.dll" id="830e04d6-c361-f187-b7a0-0c7ab1ca42f3">
      <Execution id="cae05ffd-c6d9-45f6-a348-6a04733f181b" />
      <TestMethod codeBase="C:\Users\PC\OneDrive\Documentos\Proyecto_Pruebas_MsrBack_ADSTRA\MsrBack.Tests\bin\Debug\net8.0\MsrBack.Tests.dll" adapterTypeName="executor://xunit/VsTestRunner2/netcoreapp" className="MsrBack.Tests.PasswordHashHelperTests" name="VerifyPassword_WithOriginalPassword_ReturnsTrue" />
    </UnitTest>
    <UnitTest name="MsrBack.Tests.PasswordHashHelperTests.VerifyPassword_WithDifferentPassword_ReturnsFalse" storage="c:\users\pc\onedrive\documentos\proyecto_pruebas_msrback_adstra\msrback.tests\bin\debug\net8.0\msrback.tests.dll" id="61c9c044-36ca-bff6-0b65-194ee7c9b1c5">
      <Execution id="75993f54-09d3-4cd2-967d-c869b7b08a7a" />
      <TestMethod codeBase="C:\Users\PC\OneDrive\Documentos\Proyecto_Pruebas_MsrBack_ADSTRA\MsrBack.Tests\bin\Debug\net8.0\MsrBack.Tests.dll" adapterTypeName="executor://xunit/VsTestRunner2/netcoreapp" className="MsrBack.Tests.PasswordHashHelperTests" name="VerifyPassword_WithDifferentPassword_ReturnsFalse" />
    </UnitTest>
    <UnitTest name="MsrBack.Tests.PasswordHashHelperTests.HashPassword_WithValidPassword_ReturnsHashAndSalt" storage="c:\users\pc\onedrive\documentos\proyecto_pruebas_msrback_adstra\msrback.tests\bin\debug\net8.0\msrback.tests.dll" id="eecf9876-6620-f34d-1743-629b9438a243">
      <Execution id="ac5a7723-76ba-489e-9170-0d96adbad9bc" />
      <TestMethod codeBase="C:\Users\PC\OneDrive\Documentos\Proyecto_Pruebas_MsrBack_ADSTRA\MsrBack.Tests\bin\Debug\net8.0\MsrBack.Tests.dll" adapterTypeName="executor://xunit/VsTestRunner2/netcoreapp" className="MsrBack.Tests.PasswordHashHelperTests" name="HashPassword_WithValidPassword_ReturnsHashAndSalt" />
    </UnitTest>
    <UnitTest name="MsrBack.Tests.GenerateTokenHelperTests.GenerateTokenAsync_WithValidUser_ReturnsJwtWithExpectedClaims" storage="c:\users\pc\onedrive\documentos\proyecto_pruebas_msrback_adstra\msrback.tests\bin\debug\net8.0\msrback.tests.dll" id="467e3748-3af5-00ee-d30b-ede5e0d3f777">
      <Execution id="401435d0-742f-486f-a886-60a1ac2e3ee2" />
      <TestMethod codeBase="C:\Users\PC\OneDrive\Documentos\Proyecto_Pruebas_MsrBack_ADSTRA\MsrBack.Tests\bin\Debug\net8.0\MsrBack.Tests.dll" adapterTypeName="executor://xunit/VsTestRunner2/netcoreapp" className="MsrBack.Tests.GenerateTokenHelperTests" name="GenerateTokenAsync_WithValidUser_ReturnsJwtWithExpectedClaims" />
    </UnitTest>
  </TestDefinitions>
  <TestEntries>
    <TestEntry testId="467e3748-3af5-00ee-d30b-ede5e0d3f777" executionId="401435d0-742f-486f-a886-60a1ac2e3ee2" testListId="8c84fa94-04c1-424b-9868-57a2d4851a1d" />
    <TestEntry testId="830e04d6-c361-f187-b7a0-0c7ab1ca42f3" executionId="cae05ffd-c6d9-45f6-a348-6a04733f181b" testListId="8c84fa94-04c1-424b-9868-57a2d4851a1d" />
    <TestEntry testId="eecf9876-6620-f34d-1743-629b9438a243" executionId="ac5a7723-76ba-489e-9170-0d96adbad9bc" testListId="8c84fa94-04c1-424b-9868-57a2d4851a1d" />
    <TestEntry testId="61c9c044-36ca-bff6-0b65-194ee7c9b1c5" executionId="75993f54-09d3-4cd2-967d-c869b7b08a7a" testListId="8c84fa94-04c1-424b-9868-57a2d4851a1d" />
  </TestEntries>
  <TestLists>
    <TestList name="Resultados sin formato de lista" id="8c84fa94-04c1-424b-9868-57a2d4851a1d" />
    <TestList name="Todos los resultados cargados" id="19431567-8539-422a-85d7-44ee4e166bda" />
  </TestLists>
  <ResultSummary outcome="Completed">
    <Counters total="4" executed="4" passed="4" failed="0" error="0" timeout="0" aborted="0" inconclusive="0" passedButRunAborted="0" notRunnable="0" notExecuted="0" disconnected="0" warning="0" completed="0" inProgress="0" pending="0" />
    <Output>
      <StdOut>[xUnit.net 00:00:00.00] xUnit.net VSTest Adapter v2.5.3.1+6b60a9e56a (64-bit .NET 8.0.26)&#xD;
[xUnit.net 00:00:00.06]   Discovering: MsrBack.Tests&#xD;
[xUnit.net 00:00:00.09]   Discovered:  MsrBack.Tests&#xD;
[xUnit.net 00:00:00.09]   Starting:    MsrBack.Tests&#xD;
[xUnit.net 00:00:00.76]   Finished:    MsrBack.Tests&#xD;
</StdOut>
    </Output>
  </ResultSummary>
</TestRun>